[UART0] : Uart Init Done, this is Test output!
[Thread] : thread_0_entry is here!
[Thread] : thread_5_entry is here!
[Thread] : thread_3_and_4_entry is here!
[Thread] : thread_3_and_4_entry is here!
[Thread] : thread_6_and_7_entry is here!
[Thread] : thread_6_and_7_entry is here!
[Thread] : thread_1_entry is here!
[Thread] : thread_1_entry is here!
[Thread] : thread_1_entry is here!
[Thread] : thread_1_entry is here!
[Thread] : thread_1_entry is here!
[Thread] : thread_1_entry is here!
[Thread] : thread_1_entry is here!
[Thread] : thread_1_entry is here!
[Thread] : thread_1_entry is here!
[Thread] : thread_1_entry is here!
[Thread] : thread_1_entry is here!
[Thread] : thread_1_entry is here!
[Thread] : thread_1_entry is here!
[Thread] : thread_1_entry is here!
[Thread] : thread_1_entry is here!
[Thread] : thread_1_entry is here!
[Thread] : thread_1_entry is here!
[Thread] : thread_1_entry is here!
[Thread] : thread_1_entry is here!
[Thread] : thread_1_entry is here!
[Thread] : thread_1_entry is here!
[Thread] : thread_1_entry is here!
[Thread] : thread_1_entry is here!
[Thread] : thread_1_entry is here!
[Thread] : thread_2_entry is here!
[Thread] : thread_2_entry is here!
[Thread] : thread_2_entry is here!
[Thread] : thread_2_entry is here!
[Thread] : thread_2_entry is here!
[Thread] : thread_2_entry is here!
[Thread] : thread_2_entry is here!
[Thread] : thread_2_entry is here!
[Thread] : thread_2_entry is here!
[Thread] : thread_2_entry is here!
[Thread] : thread_2_entry is here!
[Thread] : thread_2_entry is here!
[Thread] : thread_2_entry is here!
[Thread] : thread_2_entry is here!
[Thread] : thread_2_entry is here!
[Thread] : thread_2_entry is here!
[Thread] : thread_2_entry is here!
[Thread] : thread_2_entry is here!
[Thread] : thread_2_entry is here!
[Thread] : thread_2_entry is here!
[Thread] : thread_2_entry is here!
[Thread] : thread_2_entry is here!
[Thread] : thread_2_entry is here!
[Thread] : thread_2_entry is here!
[Thread] : thread_1_entry is here!
[Thread] : thread_1_entry is here!
[Thread] : thread_1_entry is here!
[Thread] : thread_1_entry is here!
[Thread] : thread_1_entry is here!
[Thread] : thread_1_entry is here!
[Thread] : thread_1_entry is here!
[Thread] : thread_1_entry is here!
[Thread] : thread_1_entry is here!
[Thread] : thread_1_entry is here!
[Thread] : thread_1_entry is here!
[Thread] : thread_1_entry is here!
[Thread] : thread_1_entry is here!
[Thread] : thread_1_entry is here!
[Thread] : thread_1_entry is here!
[Thread] : thread_1_entry is here!
[Thread] : thread_1_entry is here!
[Thread] : thread_1_entry is here!
[Thread] : thread_1_entry is here!
[Thread] : thread_1_entry is here!
[Thread] : thread_1_entry is here!
[Thread] : thread_1_entry is here!
[Thread] : thread_1_entry is here!
[Thread] : thread_1_entry is here!
[Thread] : thread_1_entry is here!
[Thread] : thread_1_entry is here!
[Thread] : thread_1_entry is here!
[Thread] : thread_1_entry is here!
[Thread] : thread_1_entry is here!
[Thread] : thread_1_entry is here!
[Thread] : thread_1_entry is here!
[Thread] : thread_1_entry is here!
[Thread] : thread_1_entry is here!
[Thread] : thread_1_entry is here!
[Thread] : thread_1_entry is here!
[Thread] : thread_1_entry is here!
[Thread] : thread_1_entry is here!
[Thread] : thread_1_entry is here!
[Thread] : thread_1_entry is here!
[Thread] : thread_1_entry is here!
[Thread] : thread_1_entry is here!
[Thread] : thread_1_entry is here!
[Thread] : thread_1_entry is here!
[Thread] : thread_1_entry is here!
[Thread] : thread_1_entry is here!
[Thread] : thread_1_entry is here!
[Thread] : thread_1_entry is here!
[Thread] : thread_1_entry is here!
[Thread] : thread_1_entry is here!
[Thread] : thread_1_entry is here!
[Thread] : thread_1_entry is here!
[Thread] : thread_1_entry is here!
[Thread] : thread_1_entry is here!
[Thread] : thread_1_entry is here!
[Thread] : thread_1_entry is here!
[Thread] : thread_1_entry is here!
[Thread] : thread_1_entry is here!
[Thread] : thread_1_entry is here!
[Thread] : thread_1_entry is here!
[Thread] : thread_1_entry is here!
[Thread] : thread_1_entry is here!
[Thread] : thread_1_entry is here!
[Thread] : thread_1_entry is here!
[Thread] : thread_1_entry is here!
[Thread] : thread_1_entry is here!
[Thread] : thread_1_entry is here!
[Thread] : thread_1_entry is here!
[Thread] : thread_1_entry is here!
[Thread] : thread_1_entry is here!
[Thread] : thread_1_entry is here!
[Thread] : thread_1_entry is here!
[Thread] : thread_1_entry is here!
[Thread] : thread_1_entry is here!
[Thread] : thread_1_entry is here!
[Thread] : thread_1_entry is here!
[Thread] : thread_1_entry is here!
[Thread] : thread_1_entry is here!
[Thread] : thread_1_entry is here!
[Thread] : thread_1_entry is here!
[Thread] : thread_1_entry is here!
[Thread] : thread_1_entry is here!
[Thread] : thread_1_entry is here!
[Thread] : thread_1_entry is here!
[Thread] : thread_1_entry is here!
[Thread] : thread_1_entry is here!
[Thread] : thread_1_entry is here!
[Thread] : thread_1_entry is here!
[Thread] : thread_1_entry is here!
[Thread] : thread_1_entry is here!
[Thread] : thread_1_entry is here!
[Thread] : thread_1_entry is here!
[Thread] : thread_1_entry is here!
[Thread] : thread_1_entry is here!
[Thread] : thread_1_entry is here!
[Thread] : thread_1_entry is here!
[Thread] : thread_1_entry is here!
[Thread] : thread_1_entry is here!
[Thread] : thread_1_entry is here!
[Thread] : thread_1_entry is here!
[Thread] : thread_1_entry is here!
[Thread] : thread_1_entry is here!
[Thread] : thread_2_entry is here!
[Thread] : thread_2_entry is here!
[Thread] : thread_2_entry is here!
[Thread] : thread_2_entry is here!
[Thread] : thread_2_entry is here!
[Thread] : thread_2_entry is here!
[Thread] : thread_2_entry is here!
[Thread] : thread_3_and_4_entry is here!
[Thread] : thread_6_and_7_entry is here!
[Thread] : thread_1_entry is here!
[Thread] : thread_1_entry is here!
[Thread] : thread_1_entry is here!
[Thread] : thread_1_entry is here!
[Thread] : thread_1_entry is here!
[Thread] : thread_1_entry is here!
[Thread] : thread_2_entry is here!
[Thread] : thread_2_entry is here!
[Thread] : thread_2_entry is here!
[Thread] : thread_2_entry is here!
[Thread] : thread_2_entry is here!
[Thread] : thread_2_entry is here!
[Thread] : thread_2_entry is here!
[Thread] : thread_2_entry is here!
[Thread] : thread_2_entry is here!
[Thread] : thread_2_entry is here!
[Thread] : thread_2_entry is here!
[Thread] : thread_2_entry is here!
[Thread] : thread_2_entry is here!
[Thread] : thread_2_entry is here!
[Thread] : thread_2_entry is here!
[Thread] : thread_2_entry is here!
[Thread] : thread_2_entry is here!
[Thread] : thread_2_entry is here!
[Thread] : thread_2_entry is here!
[Thread] : thread_2_entry is here!
[Thread] : thread_2_entry is here!
[Thread] : thread_2_entry is here!
[Thread] : thread_2_entry is here!
[Thread] : thread_2_entry is here!
[Thread] : thread_2_entry is here!
[Thread] : thread_2_entry is here!
[Thread] : thread_2_entry is here!
[Thread] : thread_2_entry is here!
[Thread] : thread_2_entry is here!
[Thread] : thread_2_entry is here!
[Thread] : thread_2_entry is here!
[Thread] : thread_2_entry is here!
[Thread] : thread_2_entry is here!
[Thread] : thread_2_entry is here!
[Thread] : thread_2_entry is here!
[Thread] : thread_2_entry is here!
[Thread] : thread_2_entry is here!
[Thread] : thread_2_entry is here!
[Thread] : thread_2_entry is here!
[Thread] : thread_2_entry is here!
[Thread] : thread_2_entry is here!
[Thread] : thread_2_entry is here!
[Thread] : thread_2_entry is here!
[Thread] : thread_2_entry is here!
[Thread] : thread_2_entry is here!
[Thread] : thread_2_entry is here!
[Thread] : thread_2_entry is here!
[Thread] : thread_2_entry is here!
[Thread] : thread_2_entry is here!
[Thread] : thread_2_entry is here!
[Thread] : thread_2_entry is here!
[Thread] : thread_2_entry is here!
[Thread] : thread_2_entry is here!
[Thread] : thread_2_entry is here!
[Thread] : thread_2_entry is here!
[Thread] : thread_2_entry is here!
[Thread] : thread_2_entry is here!
[Thread] : thread_2_entry is here!
[Thread] : thread_2_entry is here!
[Thread] : thread_2_entry is here!
[Thread] : thread_2_entry is here!
[Thread] : thread_2_entry is here!
[Threqemu-system-riscv64: terminating on signal 15 from pid 11828 (/usr/bin/python3.12)
a